::1 - - [09/Sep/2026 17:21:41] "GET /index.html HTTP/1.1" 200 -
::1 - - [09/Sep/2026 17:22:12] "GET /index.html HTTP/1.1" 200 -
::1 - - [09/Sep/2026 17:22:12] "GET /main.css HTTP/1.1" 200 -
::1 - - [09/Sep/2026 17:22:12] "GET /main.js HTTP/1.1" 200 -
::1 - - [09/Sep/2026 17:22:13] code 404, message File not found
::1 - - [09/Sep/2026 17:22:13] "GET /favicon.ico HTTP/1.1" 404 -
::1 - - [09/Sep/2026 17:22:43] "GET /index.html HTTP/1.1" 200 -
::1 - - [09/Sep/2026 17:22:43] "GET /main.js HTTP/1.1" 200 -
::1 - - [09/Sep/2026 17:22:43] "GET /main.css HTTP/1.1" 200 -
::1 - - [09/Sep/2026 17:22:44] code 404, message File not found
::1 - - [09/Sep/2026 17:22:44] "GET /favicon.ico HTTP/1.1" 404 -
::1 - - [09/Sep/2026 17:23:15] "GET /index.html HTTP/1.1" 200 -
::1 - - [09/Sep/2026 17:23:15] "GET /main.css HTTP/1.1" 200 -
::1 - - [09/Sep/2026 17:23:15] "GET /main.js HTTP/1.1" 200 -
::1 - - [09/Sep/2026 17:23:16] code 404, message File not found
::1 - - [09/Sep/2026 17:23:16] "GET /favicon.ico HTTP/1.1" 404 -
::1 - - [09/Sep/2026 17:23:48] "GET /index.html HTTP/1.1" 200 -
::1 - - [09/Sep/2026 17:23:48] "GET /main.css HTTP/1.1" 200 -
::1 - - [09/Sep/2026 17:23:48] "GET /main.js HTTP/1.1" 200 -
::1 - - [09/Sep/2026 17:23:49] code 404, message File not found
::1 - - [09/Sep/2026 17:23:49] "GET /favicon.ico HTTP/1.1" 404 -
::1 - - [09/Sep/2026 17:24:48] "GET /index.html HTTP/1.1" 200 -
::1 - - [09/Sep/2026 17:24:48] "GET /main.css HTTP/1.1" 200 -
::1 - - [09/Sep/2026 17:24:48] "GET /main.js HTTP/1.1" 200 -
::1 - - [09/Sep/2026 17:24:49] code 404, message File not found
::1 - - [09/Sep/2026 17:24:49] "GET /favicon.ico HTTP/1.1" 404 -
::1 - - [09/Sep/2026 17:25:18] "GET /index.html HTTP/1.1" 200 -
::1 - - [09/Sep/2026 17:25:18] "GET /main.css HTTP/1.1" 200 -
::1 - - [09/Sep/2026 17:25:18] "GET /main.js HTTP/1.1" 200 -
::1 - - [09/Sep/2026 17:25:19] code 404, message File not found
::1 - - [09/Sep/2026 17:25:19] "GET /favicon.ico HTTP/1.1" 404 -
